minishell: ls;: command not found
ls: ;: No such file or directory
minishell: cat;: command not found
cat: ;: No such file or directory
