minishell: syntax error near unexpected token `|'
minishell: syntax error near unexpected token `|'
minishell: syntax error near unexpected token `|'
minishell: syntax error near unexpected token `|'
minishell: $AA: ambiguous redirect
minishell: syntax error near unexpected token `|'
